// Jest Snapshot v1, https://goo.gl/fbAQLP

exports[`NavbarLink render default 1`] = `
<div
  className='sc-AxirZ jjcDso'
>
  <div
    data-mock='Link'
  >
    {
  'to': '/test-link'
}
  </div>
</div>
`;

exports[`NavbarLink should render button 1`] = `
<div
  className='sc-AxjAm iHbqWH'
>
  <button
    data-mock='TransparentButton'
  >
    {
  'className': 'sc-AxirZ fskEG py-2 px-2 rounded text-gray-600 hover:bg-gray-300 leading-none inline-block'
}
  </button>
</div>
`;
